// Jest Snapshot v1, https://goo.gl/fbAQLP

exports[`renders homepage 1`] = `
<div>
  <ul
    class="menu"
  >
    <li
      class="selected"
    >
      <a
        href="/"
      >
        Users 
        <span>
          (
          )
        </span>
      </a>
    </li>
    <li
      class=""
    >
      <a
        href="/service/github"
      >
        Github 
        <span>
          (
          )
        </span>
      </a>
    </li>
    <li
      class=""
    >
      <a
        href="/service/mattermost"
      >
        Mattermost 
        <span>
          (
          )
        </span>
      </a>
    </li>
    <li
      class=""
    >
      <a
        href="/service/matomo"
      >
        Matomo 
        <span>
          (
          )
        </span>
      </a>
    </li>
    <li
      class=""
    >
      <a
        href="/service/sentry"
      >
        Sentry 
        <span>
          (
          )
        </span>
      </a>
    </li>
    <li
      class=""
    >
      <a
        href="/service/ovh"
      >
        OVH 
        <span>
          (
          )
        </span>
      </a>
    </li>
    <li
      class=""
    >
      <a
        href="/service/zammad"
      >
        Pastek 
        <span>
          (
          )
        </span>
      </a>
    </li>
    <li
      class=""
    >
      <a
        href="/service/nextcloud"
      >
        NextCloud 
        <span>
          (
          )
        </span>
      </a>
    </li>
  </ul>
</div>
`;
