// Jest Snapshot v1, https://goo.gl/fbAQLP

exports[`renders homepage 1`] = `
<div>
  <ul
    class="menu"
  >
    <li
      class="selected"
    >
      <a
        href="/"
      >
        Users 
        <span>
          (
          0
          )
        </span>
      </a>
    </li>
    <li
      class=""
    >
      <a
        href="/service/github"
      >
        github
         
        <span>
          (
          0
          )
        </span>
      </a>
    </li>
    <li
      class=""
    >
      <a
        href="/service/matomo"
      >
        matomo
         
        <span>
          (
          0
          )
        </span>
      </a>
    </li>
    <li
      class=""
    >
      <a
        href="/service/mattermost"
      >
        mattermost
         
        <span>
          (
          0
          )
        </span>
      </a>
    </li>
    <li
      class=""
    >
      <a
        href="/service/nextcloud"
      >
        nextcloud
         
        <span>
          (
          0
          )
        </span>
      </a>
    </li>
    <li
      class=""
    >
      <a
        href="/service/ovh"
      >
        ovh
         
        <span>
          (
          0
          )
        </span>
      </a>
    </li>
    <li
      class=""
    >
      <a
        href="/service/sentry"
      >
        sentry
         
        <span>
          (
          0
          )
        </span>
      </a>
    </li>
    <li
      class=""
    >
      <a
        href="/service/zammad"
      >
        zammad
         
        <span>
          (
          0
          )
        </span>
      </a>
    </li>
  </ul>
</div>
`;
