// Jest Snapshot v1, https://goo.gl/fbAQLP

exports[`when users are loaded should match the snapshot 1`] = `
<div>
  <div
    class="users-view"
  >
    <div
      class="user-list"
    >
      <ul>
        <li
          class="user-item"
          role="User"
        >
          <div
            class="user box draggable"
            draggable="true"
          >
            <div
              class="drag-handler"
            />
            <div
              class="user-template"
            >
              <div
                class="user-header"
              >
                <div
                  class="avatar"
                >
                  <svg
                    viewBox="0 0 28 28"
                    xmlns="http://www.w3.org/2000/svg"
                  >
                    <path
                      d="M16,8a5,5,0,1,0,5,5A5,5,0,0,0,16,8Z"
                      transform="translate(-2 -2)"
                    />
                    <path
                      d="M16,2A14,14,0,1,0,30,16,14.0158,14.0158,0,0,0,16,2Zm7.9925,22.9258A5.0016,5.0016,0,0,0,19,20H13a5.0016,5.0016,0,0,0-4.9925,4.9258,12,12,0,1,1,15.985,0Z"
                      transform="translate(-2 -2)"
                    />
                  </svg>
                </div>
                <div
                  class="info"
                >
                  <h3>
                    User 1
                  </h3>
                  <div
                    class="email"
                  >
                    user1@paradise.sky
                  </div>
                </div>
              </div>
              <div
                class="alerts-services"
              >
                <div>
                  <p
                    class="badge warning icon"
                    title="alerte"
                  />
                </div>
                <div
                  class="services"
                >
                  <div>
                    <img
                      alt="mattermost logo"
                      class="opacity-25 dark:opacity-40"
                      data-nimg="1"
                      decoding="async"
                      height="18"
                      loading="lazy"
                      src="/_next/image?url=%2Fimages%2Fdark%2Fmattermost.svg%23icon-logo&w=48&q=75"
                      srcset="/_next/image?url=%2Fimages%2Fdark%2Fmattermost.svg%23icon-logo&w=32&q=75 1x, /_next/image?url=%2Fimages%2Fdark%2Fmattermost.svg%23icon-logo&w=48&q=75 2x"
                      style="color: transparent;"
                      title="mattermost"
                      width="18"
                    />
                  </div>
                  <div>
                    <img
                      alt="github logo"
                      class="opacity-25 dark:opacity-40"
                      data-nimg="1"
                      decoding="async"
                      height="18"
                      loading="lazy"
                      src="/_next/image?url=%2Fimages%2Fdark%2Fgithub.svg%23icon-logo&w=48&q=75"
                      srcset="/_next/image?url=%2Fimages%2Fdark%2Fgithub.svg%23icon-logo&w=32&q=75 1x, /_next/image?url=%2Fimages%2Fdark%2Fgithub.svg%23icon-logo&w=48&q=75 2x"
                      style="color: transparent;"
                      title="github"
                      width="18"
                    />
                  </div>
                  <div>
                    <img
                      alt="matomo logo"
                      class="opacity-25 dark:opacity-40"
                      data-nimg="1"
                      decoding="async"
                      height="18"
                      loading="lazy"
                      src="/_next/image?url=%2Fimages%2Fdark%2Fmatomo.svg%23icon-logo&w=64&q=75"
                      srcset="/_next/image?url=%2Fimages%2Fdark%2Fmatomo.svg%23icon-logo&w=32&q=75 1x, /_next/image?url=%2Fimages%2Fdark%2Fmatomo.svg%23icon-logo&w=64&q=75 2x"
                      style="color: transparent;"
                      title="matomo"
                      width="26.172"
                    />
                  </div>
                  <div>
                    <img
                      alt="sentry logo"
                      class="opacity-25 dark:opacity-40"
                      data-nimg="1"
                      decoding="async"
                      height="18"
                      loading="lazy"
                      src="/_next/image?url=%2Fimages%2Fdark%2Fsentry.svg%23icon-logo&w=48&q=75"
                      srcset="/_next/image?url=%2Fimages%2Fdark%2Fsentry.svg%23icon-logo&w=32&q=75 1x, /_next/image?url=%2Fimages%2Fdark%2Fsentry.svg%23icon-logo&w=48&q=75 2x"
                      style="color: transparent;"
                      title="sentry"
                      width="20.574"
                    />
                  </div>
                  <div>
                    <img
                      alt="zammad logo"
                      class="opacity-25 dark:opacity-40"
                      data-nimg="1"
                      decoding="async"
                      height="18"
                      loading="lazy"
                      src="/_next/image?url=%2Fimages%2Fdark%2Fzammad.svg%23icon-logo&w=48&q=75"
                      srcset="/_next/image?url=%2Fimages%2Fdark%2Fzammad.svg%23icon-logo&w=32&q=75 1x, /_next/image?url=%2Fimages%2Fdark%2Fzammad.svg%23icon-logo&w=48&q=75 2x"
                      style="color: transparent;"
                      title="zammad"
                      width="20.988"
                    />
                  </div>
                  <div>
                    <img
                      alt="nextcloud logo"
                      class=""
                      data-nimg="1"
                      decoding="async"
                      height="18"
                      loading="lazy"
                      src="/_next/image?url=%2Fimages%2Fdark%2Fnextcloud.svg%23icon-logo&w=96&q=75"
                      srcset="/_next/image?url=%2Fimages%2Fdark%2Fnextcloud.svg%23icon-logo&w=48&q=75 1x, /_next/image?url=%2Fimages%2Fdark%2Fnextcloud.svg%23icon-logo&w=96&q=75 2x"
                      style="color: transparent;"
                      title="nextcloud"
                      width="37.152"
                    />
                  </div>
                  <div>
                    <img
                      alt="ovh logo"
                      class="opacity-25 dark:opacity-40"
                      data-nimg="1"
                      decoding="async"
                      height="18"
                      loading="lazy"
                      src="/_next/image?url=%2Fimages%2Fdark%2Fovh.svg%23icon-logo&w=64&q=75"
                      srcset="/_next/image?url=%2Fimages%2Fdark%2Fovh.svg%23icon-logo&w=32&q=75 1x, /_next/image?url=%2Fimages%2Fdark%2Fovh.svg%23icon-logo&w=64&q=75 2x"
                      style="color: transparent;"
                      title="ovh"
                      width="30.311999999999998"
                    />
                  </div>
                </div>
              </div>
            </div>
          </div>
        </li>
        <li
          class="user-item"
          role="User"
        >
          <div
            class="user box draggable"
            draggable="true"
          >
            <div
              class="drag-handler"
            />
            <div
              class="user-template"
            >
              <div
                class="user-header"
              >
                <div
                  class="avatar"
                >
                  <img
                    alt="user avatar"
                    data-nimg="1"
                    decoding="async"
                    height="44"
                    loading="lazy"
                    src="/_next/image?url=https%3A%2F%2Fsecure.gravatar.com%2Favatar%2F5b9ebfc387f3a08eebf32587e7e9e608%3Fs%3D32%26d%3Dmm&w=96&q=75"
                    srcset="/_next/image?url=https%3A%2F%2Fsecure.gravatar.com%2Favatar%2F5b9ebfc387f3a08eebf32587e7e9e608%3Fs%3D32%26d%3Dmm&w=48&q=75 1x, /_next/image?url=https%3A%2F%2Fsecure.gravatar.com%2Favatar%2F5b9ebfc387f3a08eebf32587e7e9e608%3Fs%3D32%26d%3Dmm&w=96&q=75 2x"
                    style="color: transparent;"
                    width="44"
                  />
                </div>
                <div
                  class="info"
                >
                  <h3>
                    User 2
                  </h3>
                  <div
                    class="email"
                  >
                    user2@paradise.sky
                  </div>
                </div>
              </div>
              <div
                class="alerts-services"
              >
                <div>
                  <p
                    class="badge warning icon"
                    title="alerte"
                  />
                </div>
                <div
                  class="services"
                >
                  <div>
                    <img
                      alt="mattermost logo"
                      class="opacity-25 dark:opacity-40"
                      data-nimg="1"
                      decoding="async"
                      height="18"
                      loading="lazy"
                      src="/_next/image?url=%2Fimages%2Fdark%2Fmattermost.svg%23icon-logo&w=48&q=75"
                      srcset="/_next/image?url=%2Fimages%2Fdark%2Fmattermost.svg%23icon-logo&w=32&q=75 1x, /_next/image?url=%2Fimages%2Fdark%2Fmattermost.svg%23icon-logo&w=48&q=75 2x"
                      style="color: transparent;"
                      title="mattermost"
                      width="18"
                    />
                  </div>
                  <div>
                    <img
                      alt="github logo"
                      class="opacity-25 dark:opacity-40"
                      data-nimg="1"
                      decoding="async"
                      height="18"
                      loading="lazy"
                      src="/_next/image?url=%2Fimages%2Fdark%2Fgithub.svg%23icon-logo&w=48&q=75"
                      srcset="/_next/image?url=%2Fimages%2Fdark%2Fgithub.svg%23icon-logo&w=32&q=75 1x, /_next/image?url=%2Fimages%2Fdark%2Fgithub.svg%23icon-logo&w=48&q=75 2x"
                      style="color: transparent;"
                      title="github"
                      width="18"
                    />
                  </div>
                  <div>
                    <img
                      alt="matomo logo"
                      class="opacity-25 dark:opacity-40"
                      data-nimg="1"
                      decoding="async"
                      height="18"
                      loading="lazy"
                      src="/_next/image?url=%2Fimages%2Fdark%2Fmatomo.svg%23icon-logo&w=64&q=75"
                      srcset="/_next/image?url=%2Fimages%2Fdark%2Fmatomo.svg%23icon-logo&w=32&q=75 1x, /_next/image?url=%2Fimages%2Fdark%2Fmatomo.svg%23icon-logo&w=64&q=75 2x"
                      style="color: transparent;"
                      title="matomo"
                      width="26.172"
                    />
                  </div>
                  <div>
                    <img
                      alt="sentry logo"
                      class=""
                      data-nimg="1"
                      decoding="async"
                      height="18"
                      loading="lazy"
                      src="/_next/image?url=%2Fimages%2Fdark%2Fsentry.svg%23icon-logo&w=48&q=75"
                      srcset="/_next/image?url=%2Fimages%2Fdark%2Fsentry.svg%23icon-logo&w=32&q=75 1x, /_next/image?url=%2Fimages%2Fdark%2Fsentry.svg%23icon-logo&w=48&q=75 2x"
                      style="color: transparent;"
                      title="sentry"
                      width="20.574"
                    />
                  </div>
                  <div>
                    <img
                      alt="zammad logo"
                      class="opacity-25 dark:opacity-40"
                      data-nimg="1"
                      decoding="async"
                      height="18"
                      loading="lazy"
                      src="/_next/image?url=%2Fimages%2Fdark%2Fzammad.svg%23icon-logo&w=48&q=75"
                      srcset="/_next/image?url=%2Fimages%2Fdark%2Fzammad.svg%23icon-logo&w=32&q=75 1x, /_next/image?url=%2Fimages%2Fdark%2Fzammad.svg%23icon-logo&w=48&q=75 2x"
                      style="color: transparent;"
                      title="zammad"
                      width="20.988"
                    />
                  </div>
                  <div>
                    <img
                      alt="nextcloud logo"
                      class="opacity-25 dark:opacity-40"
                      data-nimg="1"
                      decoding="async"
                      height="18"
                      loading="lazy"
                      src="/_next/image?url=%2Fimages%2Fdark%2Fnextcloud.svg%23icon-logo&w=96&q=75"
                      srcset="/_next/image?url=%2Fimages%2Fdark%2Fnextcloud.svg%23icon-logo&w=48&q=75 1x, /_next/image?url=%2Fimages%2Fdark%2Fnextcloud.svg%23icon-logo&w=96&q=75 2x"
                      style="color: transparent;"
                      title="nextcloud"
                      width="37.152"
                    />
                  </div>
                  <div>
                    <img
                      alt="ovh logo"
                      class="opacity-25 dark:opacity-40"
                      data-nimg="1"
                      decoding="async"
                      height="18"
                      loading="lazy"
                      src="/_next/image?url=%2Fimages%2Fdark%2Fovh.svg%23icon-logo&w=64&q=75"
                      srcset="/_next/image?url=%2Fimages%2Fdark%2Fovh.svg%23icon-logo&w=32&q=75 1x, /_next/image?url=%2Fimages%2Fdark%2Fovh.svg%23icon-logo&w=64&q=75 2x"
                      style="color: transparent;"
                      title="ovh"
                      width="30.311999999999998"
                    />
                  </div>
                </div>
              </div>
            </div>
          </div>
        </li>
        <li
          class="user-item"
          role="User"
        >
          <div
            class="user box draggable"
            draggable="true"
          >
            <div
              class="drag-handler"
            />
            <div
              class="user-template"
            >
              <div
                class="user-header"
              >
                <div
                  class="avatar"
                >
                  <svg
                    viewBox="0 0 28 28"
                    xmlns="http://www.w3.org/2000/svg"
                  >
                    <path
                      d="M16,8a5,5,0,1,0,5,5A5,5,0,0,0,16,8Z"
                      transform="translate(-2 -2)"
                    />
                    <path
                      d="M16,2A14,14,0,1,0,30,16,14.0158,14.0158,0,0,0,16,2Zm7.9925,22.9258A5.0016,5.0016,0,0,0,19,20H13a5.0016,5.0016,0,0,0-4.9925,4.9258,12,12,0,1,1,15.985,0Z"
                      transform="translate(-2 -2)"
                    />
                  </svg>
                </div>
                <div
                  class="info"
                >
                  <h3>
                    User 4
                  </h3>
                  <div
                    class="email"
                  >
                    user4@paradise.sky
                  </div>
                </div>
              </div>
              <div
                class="alerts-services"
              >
                <div>
                  <p
                    class="badge warning icon"
                    title="alerte"
                  />
                </div>
                <div
                  class="services"
                >
                  <div>
                    <img
                      alt="mattermost logo"
                      class=""
                      data-nimg="1"
                      decoding="async"
                      height="18"
                      loading="lazy"
                      src="/_next/image?url=%2Fimages%2Fdark%2Fmattermost.svg%23icon-logo&w=48&q=75"
                      srcset="/_next/image?url=%2Fimages%2Fdark%2Fmattermost.svg%23icon-logo&w=32&q=75 1x, /_next/image?url=%2Fimages%2Fdark%2Fmattermost.svg%23icon-logo&w=48&q=75 2x"
                      style="color: transparent;"
                      title="mattermost"
                      width="18"
                    />
                  </div>
                  <div>
                    <img
                      alt="github logo"
                      class="opacity-25 dark:opacity-40"
                      data-nimg="1"
                      decoding="async"
                      height="18"
                      loading="lazy"
                      src="/_next/image?url=%2Fimages%2Fdark%2Fgithub.svg%23icon-logo&w=48&q=75"
                      srcset="/_next/image?url=%2Fimages%2Fdark%2Fgithub.svg%23icon-logo&w=32&q=75 1x, /_next/image?url=%2Fimages%2Fdark%2Fgithub.svg%23icon-logo&w=48&q=75 2x"
                      style="color: transparent;"
                      title="github"
                      width="18"
                    />
                  </div>
                  <div>
                    <img
                      alt="matomo logo"
                      class="opacity-25 dark:opacity-40"
                      data-nimg="1"
                      decoding="async"
                      height="18"
                      loading="lazy"
                      src="/_next/image?url=%2Fimages%2Fdark%2Fmatomo.svg%23icon-logo&w=64&q=75"
                      srcset="/_next/image?url=%2Fimages%2Fdark%2Fmatomo.svg%23icon-logo&w=32&q=75 1x, /_next/image?url=%2Fimages%2Fdark%2Fmatomo.svg%23icon-logo&w=64&q=75 2x"
                      style="color: transparent;"
                      title="matomo"
                      width="26.172"
                    />
                  </div>
                  <div>
                    <img
                      alt="sentry logo"
                      class="opacity-25 dark:opacity-40"
                      data-nimg="1"
                      decoding="async"
                      height="18"
                      loading="lazy"
                      src="/_next/image?url=%2Fimages%2Fdark%2Fsentry.svg%23icon-logo&w=48&q=75"
                      srcset="/_next/image?url=%2Fimages%2Fdark%2Fsentry.svg%23icon-logo&w=32&q=75 1x, /_next/image?url=%2Fimages%2Fdark%2Fsentry.svg%23icon-logo&w=48&q=75 2x"
                      style="color: transparent;"
                      title="sentry"
                      width="20.574"
                    />
                  </div>
                  <div>
                    <img
                      alt="zammad logo"
                      class="opacity-25 dark:opacity-40"
                      data-nimg="1"
                      decoding="async"
                      height="18"
                      loading="lazy"
                      src="/_next/image?url=%2Fimages%2Fdark%2Fzammad.svg%23icon-logo&w=48&q=75"
                      srcset="/_next/image?url=%2Fimages%2Fdark%2Fzammad.svg%23icon-logo&w=32&q=75 1x, /_next/image?url=%2Fimages%2Fdark%2Fzammad.svg%23icon-logo&w=48&q=75 2x"
                      style="color: transparent;"
                      title="zammad"
                      width="20.988"
                    />
                  </div>
                  <div>
                    <img
                      alt="nextcloud logo"
                      class="opacity-25 dark:opacity-40"
                      data-nimg="1"
                      decoding="async"
                      height="18"
                      loading="lazy"
                      src="/_next/image?url=%2Fimages%2Fdark%2Fnextcloud.svg%23icon-logo&w=96&q=75"
                      srcset="/_next/image?url=%2Fimages%2Fdark%2Fnextcloud.svg%23icon-logo&w=48&q=75 1x, /_next/image?url=%2Fimages%2Fdark%2Fnextcloud.svg%23icon-logo&w=96&q=75 2x"
                      style="color: transparent;"
                      title="nextcloud"
                      width="37.152"
                    />
                  </div>
                  <div>
                    <img
                      alt="ovh logo"
                      class="opacity-25 dark:opacity-40"
                      data-nimg="1"
                      decoding="async"
                      height="18"
                      loading="lazy"
                      src="/_next/image?url=%2Fimages%2Fdark%2Fovh.svg%23icon-logo&w=64&q=75"
                      srcset="/_next/image?url=%2Fimages%2Fdark%2Fovh.svg%23icon-logo&w=32&q=75 1x, /_next/image?url=%2Fimages%2Fdark%2Fovh.svg%23icon-logo&w=64&q=75 2x"
                      style="color: transparent;"
                      title="ovh"
                      width="30.311999999999998"
                    />
                  </div>
                </div>
              </div>
            </div>
          </div>
        </li>
        <li
          class="user-item"
          role="User"
        >
          <div
            class="user box draggable"
            draggable="true"
          >
            <div
              class="drag-handler"
            />
            <div
              class="user-template"
            >
              <div
                class="user-header"
              >
                <div
                  class="avatar"
                >
                  <img
                    alt="user avatar"
                    data-nimg="1"
                    decoding="async"
                    height="44"
                    loading="lazy"
                    src="/_next/image?url=https%3A%2F%2Favatars.githubusercontent.com%2Fu%2F5468549%3Fu%3D32c7c5b1e8e18a369b6fad50399b8a4daf6aff7d%26v%3D4&w=96&q=75"
                    srcset="/_next/image?url=https%3A%2F%2Favatars.githubusercontent.com%2Fu%2F5468549%3Fu%3D32c7c5b1e8e18a369b6fad50399b8a4daf6aff7d%26v%3D4&w=48&q=75 1x, /_next/image?url=https%3A%2F%2Favatars.githubusercontent.com%2Fu%2F5468549%3Fu%3D32c7c5b1e8e18a369b6fad50399b8a4daf6aff7d%26v%3D4&w=96&q=75 2x"
                    style="color: transparent;"
                    width="44"
                  />
                </div>
                <div
                  class="info"
                >
                  <h3>
                    User 5
                  </h3>
                  <div
                    class="email"
                  />
                </div>
              </div>
              <div
                class="alerts-services"
              >
                <div>
                  <p
                    class="badge warning icon"
                    title="alerte"
                  />
                </div>
                <div
                  class="services"
                >
                  <div>
                    <img
                      alt="mattermost logo"
                      class="opacity-25 dark:opacity-40"
                      data-nimg="1"
                      decoding="async"
                      height="18"
                      loading="lazy"
                      src="/_next/image?url=%2Fimages%2Fdark%2Fmattermost.svg%23icon-logo&w=48&q=75"
                      srcset="/_next/image?url=%2Fimages%2Fdark%2Fmattermost.svg%23icon-logo&w=32&q=75 1x, /_next/image?url=%2Fimages%2Fdark%2Fmattermost.svg%23icon-logo&w=48&q=75 2x"
                      style="color: transparent;"
                      title="mattermost"
                      width="18"
                    />
                  </div>
                  <div>
                    <img
                      alt="github logo"
                      class=""
                      data-nimg="1"
                      decoding="async"
                      height="18"
                      loading="lazy"
                      src="/_next/image?url=%2Fimages%2Fdark%2Fgithub.svg%23icon-logo&w=48&q=75"
                      srcset="/_next/image?url=%2Fimages%2Fdark%2Fgithub.svg%23icon-logo&w=32&q=75 1x, /_next/image?url=%2Fimages%2Fdark%2Fgithub.svg%23icon-logo&w=48&q=75 2x"
                      style="color: transparent;"
                      title="github"
                      width="18"
                    />
                  </div>
                  <div>
                    <img
                      alt="matomo logo"
                      class="opacity-25 dark:opacity-40"
                      data-nimg="1"
                      decoding="async"
                      height="18"
                      loading="lazy"
                      src="/_next/image?url=%2Fimages%2Fdark%2Fmatomo.svg%23icon-logo&w=64&q=75"
                      srcset="/_next/image?url=%2Fimages%2Fdark%2Fmatomo.svg%23icon-logo&w=32&q=75 1x, /_next/image?url=%2Fimages%2Fdark%2Fmatomo.svg%23icon-logo&w=64&q=75 2x"
                      style="color: transparent;"
                      title="matomo"
                      width="26.172"
                    />
                  </div>
                  <div>
                    <img
                      alt="sentry logo"
                      class="opacity-25 dark:opacity-40"
                      data-nimg="1"
                      decoding="async"
                      height="18"
                      loading="lazy"
                      src="/_next/image?url=%2Fimages%2Fdark%2Fsentry.svg%23icon-logo&w=48&q=75"
                      srcset="/_next/image?url=%2Fimages%2Fdark%2Fsentry.svg%23icon-logo&w=32&q=75 1x, /_next/image?url=%2Fimages%2Fdark%2Fsentry.svg%23icon-logo&w=48&q=75 2x"
                      style="color: transparent;"
                      title="sentry"
                      width="20.574"
                    />
                  </div>
                  <div>
                    <img
                      alt="zammad logo"
                      class="opacity-25 dark:opacity-40"
                      data-nimg="1"
                      decoding="async"
                      height="18"
                      loading="lazy"
                      src="/_next/image?url=%2Fimages%2Fdark%2Fzammad.svg%23icon-logo&w=48&q=75"
                      srcset="/_next/image?url=%2Fimages%2Fdark%2Fzammad.svg%23icon-logo&w=32&q=75 1x, /_next/image?url=%2Fimages%2Fdark%2Fzammad.svg%23icon-logo&w=48&q=75 2x"
                      style="color: transparent;"
                      title="zammad"
                      width="20.988"
                    />
                  </div>
                  <div>
                    <img
                      alt="nextcloud logo"
                      class="opacity-25 dark:opacity-40"
                      data-nimg="1"
                      decoding="async"
                      height="18"
                      loading="lazy"
                      src="/_next/image?url=%2Fimages%2Fdark%2Fnextcloud.svg%23icon-logo&w=96&q=75"
                      srcset="/_next/image?url=%2Fimages%2Fdark%2Fnextcloud.svg%23icon-logo&w=48&q=75 1x, /_next/image?url=%2Fimages%2Fdark%2Fnextcloud.svg%23icon-logo&w=96&q=75 2x"
                      style="color: transparent;"
                      title="nextcloud"
                      width="37.152"
                    />
                  </div>
                  <div>
                    <img
                      alt="ovh logo"
                      class="opacity-25 dark:opacity-40"
                      data-nimg="1"
                      decoding="async"
                      height="18"
                      loading="lazy"
                      src="/_next/image?url=%2Fimages%2Fdark%2Fovh.svg%23icon-logo&w=64&q=75"
                      srcset="/_next/image?url=%2Fimages%2Fdark%2Fovh.svg%23icon-logo&w=32&q=75 1x, /_next/image?url=%2Fimages%2Fdark%2Fovh.svg%23icon-logo&w=64&q=75 2x"
                      style="color: transparent;"
                      title="ovh"
                      width="30.311999999999998"
                    />
                  </div>
                </div>
              </div>
            </div>
          </div>
        </li>
        <li
          class="user-item"
          role="User"
        >
          <div
            class="user box draggable"
            draggable="true"
          >
            <div
              class="drag-handler"
            />
            <div
              class="user-template"
            >
              <div
                class="user-header"
              >
                <div
                  class="avatar"
                >
                  <svg
                    viewBox="0 0 28 28"
                    xmlns="http://www.w3.org/2000/svg"
                  >
                    <path
                      d="M16,8a5,5,0,1,0,5,5A5,5,0,0,0,16,8Z"
                      transform="translate(-2 -2)"
                    />
                    <path
                      d="M16,2A14,14,0,1,0,30,16,14.0158,14.0158,0,0,0,16,2Zm7.9925,22.9258A5.0016,5.0016,0,0,0,19,20H13a5.0016,5.0016,0,0,0-4.9925,4.9258,12,12,0,1,1,15.985,0Z"
                      transform="translate(-2 -2)"
                    />
                  </svg>
                </div>
                <div
                  class="info"
                >
                  <h3>
                    User 6
                  </h3>
                  <div
                    class="email"
                  >
                    user6@paradise.sky
                  </div>
                </div>
              </div>
              <div
                class="alerts-services"
              >
                <div>
                  <p
                    class="badge warning icon"
                    title="alerte"
                  />
                </div>
                <div
                  class="services"
                >
                  <div>
                    <img
                      alt="mattermost logo"
                      class="opacity-25 dark:opacity-40"
                      data-nimg="1"
                      decoding="async"
                      height="18"
                      loading="lazy"
                      src="/_next/image?url=%2Fimages%2Fdark%2Fmattermost.svg%23icon-logo&w=48&q=75"
                      srcset="/_next/image?url=%2Fimages%2Fdark%2Fmattermost.svg%23icon-logo&w=32&q=75 1x, /_next/image?url=%2Fimages%2Fdark%2Fmattermost.svg%23icon-logo&w=48&q=75 2x"
                      style="color: transparent;"
                      title="mattermost"
                      width="18"
                    />
                  </div>
                  <div>
                    <img
                      alt="github logo"
                      class="opacity-25 dark:opacity-40"
                      data-nimg="1"
                      decoding="async"
                      height="18"
                      loading="lazy"
                      src="/_next/image?url=%2Fimages%2Fdark%2Fgithub.svg%23icon-logo&w=48&q=75"
                      srcset="/_next/image?url=%2Fimages%2Fdark%2Fgithub.svg%23icon-logo&w=32&q=75 1x, /_next/image?url=%2Fimages%2Fdark%2Fgithub.svg%23icon-logo&w=48&q=75 2x"
                      style="color: transparent;"
                      title="github"
                      width="18"
                    />
                  </div>
                  <div>
                    <img
                      alt="matomo logo"
                      class="opacity-25 dark:opacity-40"
                      data-nimg="1"
                      decoding="async"
                      height="18"
                      loading="lazy"
                      src="/_next/image?url=%2Fimages%2Fdark%2Fmatomo.svg%23icon-logo&w=64&q=75"
                      srcset="/_next/image?url=%2Fimages%2Fdark%2Fmatomo.svg%23icon-logo&w=32&q=75 1x, /_next/image?url=%2Fimages%2Fdark%2Fmatomo.svg%23icon-logo&w=64&q=75 2x"
                      style="color: transparent;"
                      title="matomo"
                      width="26.172"
                    />
                  </div>
                  <div>
                    <img
                      alt="sentry logo"
                      class="opacity-25 dark:opacity-40"
                      data-nimg="1"
                      decoding="async"
                      height="18"
                      loading="lazy"
                      src="/_next/image?url=%2Fimages%2Fdark%2Fsentry.svg%23icon-logo&w=48&q=75"
                      srcset="/_next/image?url=%2Fimages%2Fdark%2Fsentry.svg%23icon-logo&w=32&q=75 1x, /_next/image?url=%2Fimages%2Fdark%2Fsentry.svg%23icon-logo&w=48&q=75 2x"
                      style="color: transparent;"
                      title="sentry"
                      width="20.574"
                    />
                  </div>
                  <div>
                    <img
                      alt="zammad logo"
                      class=""
                      data-nimg="1"
                      decoding="async"
                      height="18"
                      loading="lazy"
                      src="/_next/image?url=%2Fimages%2Fdark%2Fzammad.svg%23icon-logo&w=48&q=75"
                      srcset="/_next/image?url=%2Fimages%2Fdark%2Fzammad.svg%23icon-logo&w=32&q=75 1x, /_next/image?url=%2Fimages%2Fdark%2Fzammad.svg%23icon-logo&w=48&q=75 2x"
                      style="color: transparent;"
                      title="zammad"
                      width="20.988"
                    />
                  </div>
                  <div>
                    <img
                      alt="nextcloud logo"
                      class="opacity-25 dark:opacity-40"
                      data-nimg="1"
                      decoding="async"
                      height="18"
                      loading="lazy"
                      src="/_next/image?url=%2Fimages%2Fdark%2Fnextcloud.svg%23icon-logo&w=96&q=75"
                      srcset="/_next/image?url=%2Fimages%2Fdark%2Fnextcloud.svg%23icon-logo&w=48&q=75 1x, /_next/image?url=%2Fimages%2Fdark%2Fnextcloud.svg%23icon-logo&w=96&q=75 2x"
                      style="color: transparent;"
                      title="nextcloud"
                      width="37.152"
                    />
                  </div>
                  <div>
                    <img
                      alt="ovh logo"
                      class="opacity-25 dark:opacity-40"
                      data-nimg="1"
                      decoding="async"
                      height="18"
                      loading="lazy"
                      src="/_next/image?url=%2Fimages%2Fdark%2Fovh.svg%23icon-logo&w=64&q=75"
                      srcset="/_next/image?url=%2Fimages%2Fdark%2Fovh.svg%23icon-logo&w=32&q=75 1x, /_next/image?url=%2Fimages%2Fdark%2Fovh.svg%23icon-logo&w=64&q=75 2x"
                      style="color: transparent;"
                      title="ovh"
                      width="30.311999999999998"
                    />
                  </div>
                </div>
              </div>
            </div>
          </div>
        </li>
        <li
          class="user-item"
          role="User"
        >
          <div
            class="user box draggable"
            draggable="true"
          >
            <div
              class="drag-handler"
            />
            <div
              class="user-template"
            >
              <div
                class="user-header"
              >
                <div
                  class="avatar"
                >
                  <svg
                    viewBox="0 0 28 28"
                    xmlns="http://www.w3.org/2000/svg"
                  >
                    <path
                      d="M16,8a5,5,0,1,0,5,5A5,5,0,0,0,16,8Z"
                      transform="translate(-2 -2)"
                    />
                    <path
                      d="M16,2A14,14,0,1,0,30,16,14.0158,14.0158,0,0,0,16,2Zm7.9925,22.9258A5.0016,5.0016,0,0,0,19,20H13a5.0016,5.0016,0,0,0-4.9925,4.9258,12,12,0,1,1,15.985,0Z"
                      transform="translate(-2 -2)"
                    />
                  </svg>
                </div>
                <div
                  class="info"
                >
                  <h3>
                    User 7
                  </h3>
                  <div
                    class="email"
                  >
                    user7@paradise.sky
                  </div>
                </div>
              </div>
              <div
                class="alerts-services"
              >
                <div>
                  <p
                    class="badge warning icon"
                    title="alerte"
                  />
                </div>
                <div
                  class="services"
                >
                  <div>
                    <img
                      alt="mattermost logo"
                      class="opacity-25 dark:opacity-40"
                      data-nimg="1"
                      decoding="async"
                      height="18"
                      loading="lazy"
                      src="/_next/image?url=%2Fimages%2Fdark%2Fmattermost.svg%23icon-logo&w=48&q=75"
                      srcset="/_next/image?url=%2Fimages%2Fdark%2Fmattermost.svg%23icon-logo&w=32&q=75 1x, /_next/image?url=%2Fimages%2Fdark%2Fmattermost.svg%23icon-logo&w=48&q=75 2x"
                      style="color: transparent;"
                      title="mattermost"
                      width="18"
                    />
                  </div>
                  <div>
                    <img
                      alt="github logo"
                      class="opacity-25 dark:opacity-40"
                      data-nimg="1"
                      decoding="async"
                      height="18"
                      loading="lazy"
                      src="/_next/image?url=%2Fimages%2Fdark%2Fgithub.svg%23icon-logo&w=48&q=75"
                      srcset="/_next/image?url=%2Fimages%2Fdark%2Fgithub.svg%23icon-logo&w=32&q=75 1x, /_next/image?url=%2Fimages%2Fdark%2Fgithub.svg%23icon-logo&w=48&q=75 2x"
                      style="color: transparent;"
                      title="github"
                      width="18"
                    />
                  </div>
                  <div>
                    <img
                      alt="matomo logo"
                      class="opacity-25 dark:opacity-40"
                      data-nimg="1"
                      decoding="async"
                      height="18"
                      loading="lazy"
                      src="/_next/image?url=%2Fimages%2Fdark%2Fmatomo.svg%23icon-logo&w=64&q=75"
                      srcset="/_next/image?url=%2Fimages%2Fdark%2Fmatomo.svg%23icon-logo&w=32&q=75 1x, /_next/image?url=%2Fimages%2Fdark%2Fmatomo.svg%23icon-logo&w=64&q=75 2x"
                      style="color: transparent;"
                      title="matomo"
                      width="26.172"
                    />
                  </div>
                  <div>
                    <img
                      alt="sentry logo"
                      class="opacity-25 dark:opacity-40"
                      data-nimg="1"
                      decoding="async"
                      height="18"
                      loading="lazy"
                      src="/_next/image?url=%2Fimages%2Fdark%2Fsentry.svg%23icon-logo&w=48&q=75"
                      srcset="/_next/image?url=%2Fimages%2Fdark%2Fsentry.svg%23icon-logo&w=32&q=75 1x, /_next/image?url=%2Fimages%2Fdark%2Fsentry.svg%23icon-logo&w=48&q=75 2x"
                      style="color: transparent;"
                      title="sentry"
                      width="20.574"
                    />
                  </div>
                  <div>
                    <img
                      alt="zammad logo"
                      class="opacity-25 dark:opacity-40"
                      data-nimg="1"
                      decoding="async"
                      height="18"
                      loading="lazy"
                      src="/_next/image?url=%2Fimages%2Fdark%2Fzammad.svg%23icon-logo&w=48&q=75"
                      srcset="/_next/image?url=%2Fimages%2Fdark%2Fzammad.svg%23icon-logo&w=32&q=75 1x, /_next/image?url=%2Fimages%2Fdark%2Fzammad.svg%23icon-logo&w=48&q=75 2x"
                      style="color: transparent;"
                      title="zammad"
                      width="20.988"
                    />
                  </div>
                  <div>
                    <img
                      alt="nextcloud logo"
                      class="opacity-25 dark:opacity-40"
                      data-nimg="1"
                      decoding="async"
                      height="18"
                      loading="lazy"
                      src="/_next/image?url=%2Fimages%2Fdark%2Fnextcloud.svg%23icon-logo&w=96&q=75"
                      srcset="/_next/image?url=%2Fimages%2Fdark%2Fnextcloud.svg%23icon-logo&w=48&q=75 1x, /_next/image?url=%2Fimages%2Fdark%2Fnextcloud.svg%23icon-logo&w=96&q=75 2x"
                      style="color: transparent;"
                      title="nextcloud"
                      width="37.152"
                    />
                  </div>
                  <div>
                    <img
                      alt="ovh logo"
                      class=""
                      data-nimg="1"
                      decoding="async"
                      height="18"
                      loading="lazy"
                      src="/_next/image?url=%2Fimages%2Fdark%2Fovh.svg%23icon-logo&w=64&q=75"
                      srcset="/_next/image?url=%2Fimages%2Fdark%2Fovh.svg%23icon-logo&w=32&q=75 1x, /_next/image?url=%2Fimages%2Fdark%2Fovh.svg%23icon-logo&w=64&q=75 2x"
                      style="color: transparent;"
                      title="ovh"
                      width="30.311999999999998"
                    />
                  </div>
                </div>
              </div>
            </div>
          </div>
        </li>
        <li
          class="user-item"
          role="User"
        >
          <div
            class="user box draggable"
            draggable="true"
          >
            <div
              class="drag-handler"
            />
            <div
              class="user-template"
            >
              <div
                class="user-header"
              >
                <div
                  class="avatar"
                >
                  <svg
                    viewBox="0 0 28 28"
                    xmlns="http://www.w3.org/2000/svg"
                  >
                    <path
                      d="M16,8a5,5,0,1,0,5,5A5,5,0,0,0,16,8Z"
                      transform="translate(-2 -2)"
                    />
                    <path
                      d="M16,2A14,14,0,1,0,30,16,14.0158,14.0158,0,0,0,16,2Zm7.9925,22.9258A5.0016,5.0016,0,0,0,19,20H13a5.0016,5.0016,0,0,0-4.9925,4.9258,12,12,0,1,1,15.985,0Z"
                      transform="translate(-2 -2)"
                    />
                  </svg>
                </div>
                <div
                  class="info"
                >
                  <h3>
                    User 8
                  </h3>
                  <div
                    class="email"
                  >
                    user8@paradise.sky
                  </div>
                </div>
              </div>
              <div
                class="alerts-services"
              >
                <div>
                  <p
                    class="badge warning icon"
                    title="alerte"
                  />
                </div>
                <div
                  class="services"
                >
                  <div>
                    <img
                      alt="mattermost logo"
                      class=""
                      data-nimg="1"
                      decoding="async"
                      height="18"
                      loading="lazy"
                      src="/_next/image?url=%2Fimages%2Fdark%2Fmattermost.svg%23icon-logo&w=48&q=75"
                      srcset="/_next/image?url=%2Fimages%2Fdark%2Fmattermost.svg%23icon-logo&w=32&q=75 1x, /_next/image?url=%2Fimages%2Fdark%2Fmattermost.svg%23icon-logo&w=48&q=75 2x"
                      style="color: transparent;"
                      title="mattermost"
                      width="18"
                    />
                  </div>
                  <div>
                    <img
                      alt="github logo"
                      class="opacity-25 dark:opacity-40"
                      data-nimg="1"
                      decoding="async"
                      height="18"
                      loading="lazy"
                      src="/_next/image?url=%2Fimages%2Fdark%2Fgithub.svg%23icon-logo&w=48&q=75"
                      srcset="/_next/image?url=%2Fimages%2Fdark%2Fgithub.svg%23icon-logo&w=32&q=75 1x, /_next/image?url=%2Fimages%2Fdark%2Fgithub.svg%23icon-logo&w=48&q=75 2x"
                      style="color: transparent;"
                      title="github"
                      width="18"
                    />
                  </div>
                  <div>
                    <img
                      alt="matomo logo"
                      class="opacity-25 dark:opacity-40"
                      data-nimg="1"
                      decoding="async"
                      height="18"
                      loading="lazy"
                      src="/_next/image?url=%2Fimages%2Fdark%2Fmatomo.svg%23icon-logo&w=64&q=75"
                      srcset="/_next/image?url=%2Fimages%2Fdark%2Fmatomo.svg%23icon-logo&w=32&q=75 1x, /_next/image?url=%2Fimages%2Fdark%2Fmatomo.svg%23icon-logo&w=64&q=75 2x"
                      style="color: transparent;"
                      title="matomo"
                      width="26.172"
                    />
                  </div>
                  <div>
                    <img
                      alt="sentry logo"
                      class="opacity-25 dark:opacity-40"
                      data-nimg="1"
                      decoding="async"
                      height="18"
                      loading="lazy"
                      src="/_next/image?url=%2Fimages%2Fdark%2Fsentry.svg%23icon-logo&w=48&q=75"
                      srcset="/_next/image?url=%2Fimages%2Fdark%2Fsentry.svg%23icon-logo&w=32&q=75 1x, /_next/image?url=%2Fimages%2Fdark%2Fsentry.svg%23icon-logo&w=48&q=75 2x"
                      style="color: transparent;"
                      title="sentry"
                      width="20.574"
                    />
                  </div>
                  <div>
                    <img
                      alt="zammad logo"
                      class="opacity-25 dark:opacity-40"
                      data-nimg="1"
                      decoding="async"
                      height="18"
                      loading="lazy"
                      src="/_next/image?url=%2Fimages%2Fdark%2Fzammad.svg%23icon-logo&w=48&q=75"
                      srcset="/_next/image?url=%2Fimages%2Fdark%2Fzammad.svg%23icon-logo&w=32&q=75 1x, /_next/image?url=%2Fimages%2Fdark%2Fzammad.svg%23icon-logo&w=48&q=75 2x"
                      style="color: transparent;"
                      title="zammad"
                      width="20.988"
                    />
                  </div>
                  <div>
                    <img
                      alt="nextcloud logo"
                      class="opacity-25 dark:opacity-40"
                      data-nimg="1"
                      decoding="async"
                      height="18"
                      loading="lazy"
                      src="/_next/image?url=%2Fimages%2Fdark%2Fnextcloud.svg%23icon-logo&w=96&q=75"
                      srcset="/_next/image?url=%2Fimages%2Fdark%2Fnextcloud.svg%23icon-logo&w=48&q=75 1x, /_next/image?url=%2Fimages%2Fdark%2Fnextcloud.svg%23icon-logo&w=96&q=75 2x"
                      style="color: transparent;"
                      title="nextcloud"
                      width="37.152"
                    />
                  </div>
                  <div>
                    <img
                      alt="ovh logo"
                      class=""
                      data-nimg="1"
                      decoding="async"
                      height="18"
                      loading="lazy"
                      src="/_next/image?url=%2Fimages%2Fdark%2Fovh.svg%23icon-logo&w=64&q=75"
                      srcset="/_next/image?url=%2Fimages%2Fdark%2Fovh.svg%23icon-logo&w=32&q=75 1x, /_next/image?url=%2Fimages%2Fdark%2Fovh.svg%23icon-logo&w=64&q=75 2x"
                      style="color: transparent;"
                      title="ovh"
                      width="30.311999999999998"
                    />
                  </div>
                </div>
              </div>
            </div>
          </div>
        </li>
        <li
          class="user-item"
          role="User"
        >
          <div
            class="user box draggable"
            draggable="true"
          >
            <div
              class="drag-handler"
            />
            <div
              class="user-template"
            >
              <div
                class="user-header"
              >
                <div
                  class="avatar"
                >
                  <svg
                    viewBox="0 0 28 28"
                    xmlns="http://www.w3.org/2000/svg"
                  >
                    <path
                      d="M16,8a5,5,0,1,0,5,5A5,5,0,0,0,16,8Z"
                      transform="translate(-2 -2)"
                    />
                    <path
                      d="M16,2A14,14,0,1,0,30,16,14.0158,14.0158,0,0,0,16,2Zm7.9925,22.9258A5.0016,5.0016,0,0,0,19,20H13a5.0016,5.0016,0,0,0-4.9925,4.9258,12,12,0,1,1,15.985,0Z"
                      transform="translate(-2 -2)"
                    />
                  </svg>
                </div>
                <div
                  class="info"
                >
                  <h3>
                    user3@paradise.sky
                  </h3>
                  <div
                    class="email"
                  >
                    user3@paradise.sky
                  </div>
                </div>
              </div>
              <div
                class="alerts-services"
              >
                <div>
                  <p
                    class="badge warning icon"
                    title="alerte"
                  />
                </div>
                <div
                  class="services"
                >
                  <div>
                    <img
                      alt="mattermost logo"
                      class="opacity-25 dark:opacity-40"
                      data-nimg="1"
                      decoding="async"
                      height="18"
                      loading="lazy"
                      src="/_next/image?url=%2Fimages%2Fdark%2Fmattermost.svg%23icon-logo&w=48&q=75"
                      srcset="/_next/image?url=%2Fimages%2Fdark%2Fmattermost.svg%23icon-logo&w=32&q=75 1x, /_next/image?url=%2Fimages%2Fdark%2Fmattermost.svg%23icon-logo&w=48&q=75 2x"
                      style="color: transparent;"
                      title="mattermost"
                      width="18"
                    />
                  </div>
                  <div>
                    <img
                      alt="github logo"
                      class="opacity-25 dark:opacity-40"
                      data-nimg="1"
                      decoding="async"
                      height="18"
                      loading="lazy"
                      src="/_next/image?url=%2Fimages%2Fdark%2Fgithub.svg%23icon-logo&w=48&q=75"
                      srcset="/_next/image?url=%2Fimages%2Fdark%2Fgithub.svg%23icon-logo&w=32&q=75 1x, /_next/image?url=%2Fimages%2Fdark%2Fgithub.svg%23icon-logo&w=48&q=75 2x"
                      style="color: transparent;"
                      title="github"
                      width="18"
                    />
                  </div>
                  <div>
                    <img
                      alt="matomo logo"
                      class=""
                      data-nimg="1"
                      decoding="async"
                      height="18"
                      loading="lazy"
                      src="/_next/image?url=%2Fimages%2Fdark%2Fmatomo.svg%23icon-logo&w=64&q=75"
                      srcset="/_next/image?url=%2Fimages%2Fdark%2Fmatomo.svg%23icon-logo&w=32&q=75 1x, /_next/image?url=%2Fimages%2Fdark%2Fmatomo.svg%23icon-logo&w=64&q=75 2x"
                      style="color: transparent;"
                      title="matomo"
                      width="26.172"
                    />
                  </div>
                  <div>
                    <img
                      alt="sentry logo"
                      class="opacity-25 dark:opacity-40"
                      data-nimg="1"
                      decoding="async"
                      height="18"
                      loading="lazy"
                      src="/_next/image?url=%2Fimages%2Fdark%2Fsentry.svg%23icon-logo&w=48&q=75"
                      srcset="/_next/image?url=%2Fimages%2Fdark%2Fsentry.svg%23icon-logo&w=32&q=75 1x, /_next/image?url=%2Fimages%2Fdark%2Fsentry.svg%23icon-logo&w=48&q=75 2x"
                      style="color: transparent;"
                      title="sentry"
                      width="20.574"
                    />
                  </div>
                  <div>
                    <img
                      alt="zammad logo"
                      class="opacity-25 dark:opacity-40"
                      data-nimg="1"
                      decoding="async"
                      height="18"
                      loading="lazy"
                      src="/_next/image?url=%2Fimages%2Fdark%2Fzammad.svg%23icon-logo&w=48&q=75"
                      srcset="/_next/image?url=%2Fimages%2Fdark%2Fzammad.svg%23icon-logo&w=32&q=75 1x, /_next/image?url=%2Fimages%2Fdark%2Fzammad.svg%23icon-logo&w=48&q=75 2x"
                      style="color: transparent;"
                      title="zammad"
                      width="20.988"
                    />
                  </div>
                  <div>
                    <img
                      alt="nextcloud logo"
                      class="opacity-25 dark:opacity-40"
                      data-nimg="1"
                      decoding="async"
                      height="18"
                      loading="lazy"
                      src="/_next/image?url=%2Fimages%2Fdark%2Fnextcloud.svg%23icon-logo&w=96&q=75"
                      srcset="/_next/image?url=%2Fimages%2Fdark%2Fnextcloud.svg%23icon-logo&w=48&q=75 1x, /_next/image?url=%2Fimages%2Fdark%2Fnextcloud.svg%23icon-logo&w=96&q=75 2x"
                      style="color: transparent;"
                      title="nextcloud"
                      width="37.152"
                    />
                  </div>
                  <div>
                    <img
                      alt="ovh logo"
                      class="opacity-25 dark:opacity-40"
                      data-nimg="1"
                      decoding="async"
                      height="18"
                      loading="lazy"
                      src="/_next/image?url=%2Fimages%2Fdark%2Fovh.svg%23icon-logo&w=64&q=75"
                      srcset="/_next/image?url=%2Fimages%2Fdark%2Fovh.svg%23icon-logo&w=32&q=75 1x, /_next/image?url=%2Fimages%2Fdark%2Fovh.svg%23icon-logo&w=64&q=75 2x"
                      style="color: transparent;"
                      title="ovh"
                      width="30.311999999999998"
                    />
                  </div>
                </div>
              </div>
            </div>
          </div>
        </li>
      </ul>
      <button
        class="primary"
        disabled=""
      >
        Afficher plus d'utilisateurs
      </button>
    </div>
    <div
      class="user-selected"
    >
      <div
        class="box sticky-container"
      >
        <div
          class="user-profile "
          role="Profile"
        >
          <div
            class="header"
          >
            <div
              class="user-header"
            >
              <div
                class="avatar"
              >
                <svg
                  viewBox="0 0 28 28"
                  xmlns="http://www.w3.org/2000/svg"
                >
                  <path
                    d="M16,8a5,5,0,1,0,5,5A5,5,0,0,0,16,8Z"
                    transform="translate(-2 -2)"
                  />
                  <path
                    d="M16,2A14,14,0,1,0,30,16,14.0158,14.0158,0,0,0,16,2Zm7.9925,22.9258A5.0016,5.0016,0,0,0,19,20H13a5.0016,5.0016,0,0,0-4.9925,4.9258,12,12,0,1,1,15.985,0Z"
                    transform="translate(-2 -2)"
                  />
                </svg>
              </div>
              <div
                class="info"
              >
                <h3>
                  User 1
                </h3>
                <div
                  class="email"
                >
                  user1@paradise.sky
                </div>
              </div>
            </div>
            <div
              class="user-last-update"
            >
              <i>
                aucune mise à jour
              </i>
            </div>
          </div>
          <div
            class="content"
          >
            <div
              class="user-warning"
            >
              <div
                class="alert warning"
              >
                <div
                  class="icon"
                >
                  <i
                    class="ri-alert-fill"
                  />
                </div>
                <div
                  class="body"
                >
                  <div
                    class="message"
                  >
                    Cet utilisateur n'a pas de date de départ.
                  </div>
                </div>
              </div>
            </div>
            <div
              class="user-warning"
            >
              <div
                class="alert warning"
              >
                <div
                  class="icon"
                >
                  <i
                    class="ri-alert-fill"
                  />
                </div>
                <div
                  class="body"
                >
                  <div
                    class="message"
                  >
                    Cet utilisateur n'est attaché qu'à un seul service.
                  </div>
                </div>
              </div>
            </div>
            <div
              class="user-warning"
            >
              <div
                class="alert warning"
              >
                <div
                  class="icon"
                >
                  <i
                    class="ri-alert-fill"
                  />
                </div>
                <div
                  class="body"
                >
                  <div
                    class="message"
                  >
                    Cet utilisateur n'a pas de compte Github ou Mattermost.
                  </div>
                </div>
              </div>
            </div>
            <div
              class="user-arrival-departure"
            >
              <div
                class="date"
              >
                <label
                  for="arrival"
                >
                  Date d'arrivée:
                </label>
                <div
                  class="date-field"
                >
                  <input
                    id="arrival"
                    required=""
                    type="date"
                    value=""
                  />
                </div>
              </div>
              <div
                class="date"
              >
                <label
                  for="departure"
                >
                  Date de départ:
                </label>
                <div
                  class="date-field"
                >
                  <input
                    class=""
                    id="departure"
                    required=""
                    type="date"
                    value=""
                  />
                </div>
              </div>
            </div>
            <div
              class="services"
            >
              <div
                class="service"
                style="height: 100%; opacity: 1;"
              >
                <h3>
                  <div
                    class="icon-title"
                  >
                    <div
                      class="icon"
                    >
                      <img
                        alt="nextcloud logo"
                        class=""
                        data-nimg="1"
                        decoding="async"
                        height="22"
                        loading="lazy"
                        src="/_next/image?url=%2Fimages%2Fdark%2Fnextcloud.svg%23icon-logo&w=96&q=75"
                        srcset="/_next/image?url=%2Fimages%2Fdark%2Fnextcloud.svg%23icon-logo&w=48&q=75 1x, /_next/image?url=%2Fimages%2Fdark%2Fnextcloud.svg%23icon-logo&w=96&q=75 2x"
                        style="color: transparent;"
                        title="nextcloud"
                        width="45.408"
                      />
                    </div>
                    <div
                      class="title"
                    >
                      nextcloud
                    </div>
                  </div>
                  <div
                    class="controls"
                  >
                    <button
                      class="secondary sm icon"
                      title="révoquer"
                    >
                      <i
                        class="ri-close-line"
                      />
                    </button>
                  </div>
                </h3>
                <div
                  class="info-table grid grid-flow-row grid-cols-3"
                >
                  <div
                    class="contents"
                  >
                    <div>
                      id
                    </div>
                    <div
                      class="col-span-2"
                    />
                  </div>
                  <div
                    class="contents"
                  >
                    <div>
                      email
                    </div>
                    <div
                      class="col-span-2"
                    >
                      user1@paradise.sky
                    </div>
                  </div>
                  <div
                    class="contents"
                  >
                    <div>
                      displayname
                    </div>
                    <div
                      class="col-span-2"
                    >
                      User 1
                    </div>
                  </div>
                  <div
                    class="contents"
                  >
                    <div>
                      lastLogin
                    </div>
                    <div
                      class="col-span-2"
                    />
                  </div>
                </div>
                <div
                  class="teams"
                />
              </div>
            </div>
          </div>
        </div>
      </div>
    </div>
  </div>
</div>
`;
