// Jest Snapshot v1, https://goo.gl/fbAQLP

exports[`when accounts page renders displays login form if session is invalid 1`] = `
<div>
  <main>
    <div
      class="login"
    >
      Pour vous connecter, cliquez sur le bouton juste en dessous, là: 
      <br />
       
      <br />
      <button
        class="primary"
      >
        Connexion
      </button>
    </div>
  </main>
</div>
`;

exports[`when accounts page renders displays users list if session is valid 1`] = `
<div>
  <main>
    <div
      class="search"
    >
      <div
        class="search-field"
      >
        <input
          name="search"
          placeholder="Rechercher"
          type="search"
          value=""
        />
        <button
          class="primary icon"
        >
          <i
            class="ri-search-line"
          />
        </button>
      </div>
      <div
        class="filters"
      >
        <div
          class="actions"
        >
          <div
            class="services"
          >
            <div
              class="service"
            >
              <img
                alt="mattermost logo"
                class=""
                data-nimg="1"
                decoding="async"
                height="18"
                loading="lazy"
                src="/_next/image?url=%2Fimages%2Fdark%2Fmattermost.svg%23icon-logo&w=48&q=75"
                srcset="/_next/image?url=%2Fimages%2Fdark%2Fmattermost.svg%23icon-logo&w=32&q=75 1x, /_next/image?url=%2Fimages%2Fdark%2Fmattermost.svg%23icon-logo&w=48&q=75 2x"
                style="color: transparent;"
                title="mattermost"
                width="18"
              />
            </div>
            <div
              class="service"
            >
              <img
                alt="github logo"
                class=""
                data-nimg="1"
                decoding="async"
                height="18"
                loading="lazy"
                src="/_next/image?url=%2Fimages%2Fdark%2Fgithub.svg%23icon-logo&w=48&q=75"
                srcset="/_next/image?url=%2Fimages%2Fdark%2Fgithub.svg%23icon-logo&w=32&q=75 1x, /_next/image?url=%2Fimages%2Fdark%2Fgithub.svg%23icon-logo&w=48&q=75 2x"
                style="color: transparent;"
                title="github"
                width="18"
              />
            </div>
            <div
              class="service"
            >
              <img
                alt="matomo logo"
                class=""
                data-nimg="1"
                decoding="async"
                height="18"
                loading="lazy"
                src="/_next/image?url=%2Fimages%2Fdark%2Fmatomo.svg%23icon-logo&w=64&q=75"
                srcset="/_next/image?url=%2Fimages%2Fdark%2Fmatomo.svg%23icon-logo&w=32&q=75 1x, /_next/image?url=%2Fimages%2Fdark%2Fmatomo.svg%23icon-logo&w=64&q=75 2x"
                style="color: transparent;"
                title="matomo"
                width="26.172"
              />
            </div>
            <div
              class="service"
            >
              <img
                alt="sentry logo"
                class=""
                data-nimg="1"
                decoding="async"
                height="18"
                loading="lazy"
                src="/_next/image?url=%2Fimages%2Fdark%2Fsentry.svg%23icon-logo&w=48&q=75"
                srcset="/_next/image?url=%2Fimages%2Fdark%2Fsentry.svg%23icon-logo&w=32&q=75 1x, /_next/image?url=%2Fimages%2Fdark%2Fsentry.svg%23icon-logo&w=48&q=75 2x"
                style="color: transparent;"
                title="sentry"
                width="20.574"
              />
            </div>
            <div
              class="service"
            >
              <img
                alt="zammad logo"
                class=""
                data-nimg="1"
                decoding="async"
                height="18"
                loading="lazy"
                src="/_next/image?url=%2Fimages%2Fdark%2Fzammad.svg%23icon-logo&w=48&q=75"
                srcset="/_next/image?url=%2Fimages%2Fdark%2Fzammad.svg%23icon-logo&w=32&q=75 1x, /_next/image?url=%2Fimages%2Fdark%2Fzammad.svg%23icon-logo&w=48&q=75 2x"
                style="color: transparent;"
                title="zammad"
                width="20.988"
              />
            </div>
            <div
              class="service"
            >
              <img
                alt="nextcloud logo"
                class=""
                data-nimg="1"
                decoding="async"
                height="18"
                loading="lazy"
                src="/_next/image?url=%2Fimages%2Fdark%2Fnextcloud.svg%23icon-logo&w=96&q=75"
                srcset="/_next/image?url=%2Fimages%2Fdark%2Fnextcloud.svg%23icon-logo&w=48&q=75 1x, /_next/image?url=%2Fimages%2Fdark%2Fnextcloud.svg%23icon-logo&w=96&q=75 2x"
                style="color: transparent;"
                title="nextcloud"
                width="37.152"
              />
            </div>
            <div
              class="service"
            >
              <img
                alt="ovh logo"
                class=""
                data-nimg="1"
                decoding="async"
                height="18"
                loading="lazy"
                src="/_next/image?url=%2Fimages%2Fdark%2Fovh.svg%23icon-logo&w=64&q=75"
                srcset="/_next/image?url=%2Fimages%2Fdark%2Fovh.svg%23icon-logo&w=32&q=75 1x, /_next/image?url=%2Fimages%2Fdark%2Fovh.svg%23icon-logo&w=64&q=75 2x"
                style="color: transparent;"
                title="ovh"
                width="30.311999999999998"
              />
            </div>
          </div>
          <div
            class="alert-filter"
          >
            <p
              class="badge warning disabled"
              title=""
            >
              Alerte
            </p>
          </div>
          <div
            class="expiry-filter"
          >
            <p
              class="badge expiry disabled"
              title=""
            >
              Expiration
            </p>
          </div>
        </div>
        <div
          class="counts"
        >
          <strong />
           comptes utilisateurs
        </div>
      </div>
    </div>
    <div
      class="users-view"
    >
      <div
        class="user-list"
      >
        <div
          class="loader lg"
        >
          <div />
        </div>
      </div>
      <div
        class="user-selected"
      >
        <div
          class="box sticky-container"
        >
          <div
            class="no-user-selected"
          >
            <div>
              Aucun utilisateur sélectionné.
            </div>
          </div>
        </div>
      </div>
    </div>
  </main>
</div>
`;
