// Jest Snapshot v1, https://goo.gl/fbAQLP

exports[`renders homepage unchanged 1`] = `
<div>
  <div
    class="container"
  >
    <main>
      <div
        class="login"
      >
        Pour vous authentifier, cliquez sur le bouton bleu juste en dessous, là:
         
        <br />
         
        <br />
        <button
          class="primary"
        >
          Connexion
        </button>
      </div>
    </main>
  </div>
</div>
`;
