// Jest Snapshot v1, https://goo.gl/fbAQLP

exports[`renders home page 1`] = `
<div>
  <main>
    <div
      class="flex"
    >
      <div
        class="flex flex-col flex-1 justify-center p-6"
      >
        <p
          class="font-bold text-2xl mb-2"
        >
          Bienvenue au
        </p>
        <h2
          class="text-4xl"
        >
          Secrétariat de la Fabrique Numérique des ministères sociaux
        </h2>
        <p
          class="mt-6"
        >
          Secrétariat est une solution numérique permettant aux membres des Startups d'Etat de gérer leurs accès aux services de la Fabrique Numérique des minisères sociaux.
        </p>
      </div>
      <div
        class="flex-1 relative"
      >
        <span
          style="box-sizing: border-box; display: inline-block; overflow: hidden; background: none; opacity: 1; border: 0px; margin: 0px; padding: 0px; position: relative; max-width: 100%;"
        >
          <span
            style="box-sizing: border-box; display: block; background: none; opacity: 1; border: 0px; margin: 0px; padding: 0px; max-width: 100%;"
          >
            <img
              alt=""
              aria-hidden="true"
              src="data:image/svg+xml,%3csvg%20xmlns=%27http://www.w3.org/2000/svg%27%20version=%271.1%27%20width=%2724%27%20height=%27400%27/%3e"
              style="display: block; max-width: 100%; background: none; opacity: 1; border: 0px; margin: 0px; padding: 0px;"
            />
          </span>
          <img
            alt="home image"
            data-nimg="intrinsic"
            decoding="async"
            src="data:image/gif;base64,R0lGODlhAQABAIAAAAAAAP///yH5BAEAAAAALAAAAAABAAEAAAIBRAA7"
            style="position: absolute; top: 0px; left: 0px; bottom: 0px; right: 0px; box-sizing: border-box; padding: 0px; margin: auto; display: block; width: 0px; height: 0px; min-width: 100%; max-width: 100%; min-height: 100%; max-height: 100%;"
          />
          <noscript />
        </span>
      </div>
    </div>
    <div
      class="flex my-12 gap-x-6"
    >
      <div
        class="card"
      >
        <h3
          class="title"
        >
          Effectuez une demande d'embarquement
        </h3>
        <p>
          Vous arrivez aux ministères sociaux, vous avez besoins de créer vos comptes afin d'accéder aux services de la Fabrique Numérique, effectuez une demande d'embarquement en cliquant sur le bouton ci-dessous.
        </p>
        <a
          class="btn primary"
          href="/onboarding"
        >
          Demande d'embarquement
        </a>
      </div>
      <div
        class="card"
      >
        <h3
          class="title"
        >
          Administrer les comptes utilisateurs
        </h3>
        <p>
          Vous souhaitez effectuer une revue des comptes des utilisateurs des services de la Fabrique Numérique des ministères sociaux, accèder aux outils de gestion en cliquant sur le bouton ci-dessous.
        </p>
        <a
          class="btn primary"
          href="/accounts"
        >
          Gestion des comptes
        </a>
      </div>
    </div>
    <div
      class="alert warning"
    >
      <div
        class="icon"
      >
        <i
          class="ri-alert-fill"
        />
      </div>
      <div
        class="body"
      >
        <div
          class="title"
        >
          Version Beta
        </div>
        <div
          class="message"
        >
          Cette application est toujours en cours de développement. N'hésitez pas à signaler tout dysfonctionnement au support technique de la Fabrique Numérique.
        </div>
      </div>
    </div>
  </main>
</div>
`;
