// Jest Snapshot v1, https://goo.gl/fbAQLP

exports[`renders onboarding page 1`] = `
<div>
  <main>
    <div
      class="onboarding-header"
    >
      <div
        class="icon"
      >
        🛳️
      </div>
      <div>
        <h2>
          Embarquement à la Fabrique Numérique des Ministères Sociaux
        </h2>
        <p
          class="text"
        >
          Remplissez le formulaire suivant afin d'effectuer une demande d'embarquement à la Fabrique Numérique des Ministères Sociaux.
        </p>
      </div>
    </div>
    <div
      class="onboarding-form mx-12"
    >
      <div
        class="wizard"
      >
        <div
          class="stepper"
        >
          <h2
            class="title"
          >
            <span>
              Étape 1 sur 3
            </span>
            Informations Personnelles
          </h2>
          <div
            class="steps"
            data-fr-current-step="1"
            data-fr-steps="3"
          >
            <div
              class="step active"
            />
            <div
              class="step"
            />
            <div
              class="step"
            />
          </div>
          <p
            class="details"
          >
            <span>
              Étape suivante:
            </span>
             
            Services de la Fabrique Numérique
          </p>
        </div>
        <div
          class="steps"
        >
          <div
            class="user-info"
          >
            <div
              class="fields"
            >
              <label
                class="col-span-2"
                for="firstName"
              >
                <div
                  class="flex justify-between"
                >
                  <div>
                    Prénom*
                  </div>
                  <div
                    class="text-xs"
                  >
                    (obligatoire)
                  </div>
                </div>
                <input
                  autocomplete="given-name"
                  id="firstName"
                  name="firstName"
                  placeholder="Jean"
                  required=""
                  type="text"
                  value=""
                />
              </label>
              <label
                class="col-span-2"
                for="lastName"
              >
                <div
                  class="flex justify-between"
                >
                  <div>
                    Nom*
                  </div>
                  <div
                    class="text-xs"
                  >
                    (obligatoire)
                  </div>
                </div>
                <input
                  autocomplete="on"
                  id="lastName"
                  name="lastName"
                  placeholder="Dupont"
                  required=""
                  type="text"
                  value=""
                />
              </label>
              <label
                class="col-span-2"
                for="email"
              >
                <div
                  class="flex justify-between"
                >
                  <div>
                    Email*
                  </div>
                  <div
                    class="text-xs"
                  >
                    (obligatoire)
                  </div>
                </div>
                <input
                  autocomplete="on"
                  id="email"
                  name="email"
                  placeholder="jean.dupont@domaine.fr"
                  required=""
                  type="email"
                  value=""
                />
              </label>
              <label
                for="arrival"
              >
                Date de début
                <input
                  id="arrival"
                  name="arrival"
                  required=""
                  type="date"
                  value="2020-08-20"
                />
              </label>
              <label
                for="departure"
              >
                Date de fin
                <input
                  id="departure"
                  name="departure"
                  required=""
                  type="date"
                  value="2020-11-20"
                />
              </label>
              <label
                class="col-span-4"
                for="#message"
              >
                <div
                  class="flex justify-between"
                >
                  <div>
                    Présentation*
                  </div>
                  <div
                    class="text-xs"
                  >
                    (obligatoire)
                  </div>
                </div>
                <textarea
                  name="message"
                  placeholder="Bonjour, je suis PO sur le produit XYZ et je souhaiterais obtenir des accès à la messagerie instantanée ainsi qu'à l'organisation Github de la Fabrique Numérique."
                  required=""
                  rows="3"
                />
              </label>
            </div>
          </div>
          <div
            class="actions justify-end"
          >
            <button
              class="primary flex"
              disabled=""
            >
              Suivant
              <i
                class="ri-arrow-right-s-line ri-xl relative left-2"
              />
            </button>
          </div>
        </div>
      </div>
    </div>
  </main>
</div>
`;
