// Jest Snapshot v1, https://goo.gl/fbAQLP

exports[`renders onboarding page 1`] = `
<div>
  <main>
    <div
      class="onboarding-header"
    >
      <div
        class="icon"
      >
        🛳️
      </div>
      <div>
        <h2>
          Embarquement à la Fabrique Numérique des Ministères Sociaux
        </h2>
        <p
          class="text"
        >
          Remplissez le formulaire suivant afin d'effectuer une demande d'embarquement à la Fabrique Numérique des Ministères Sociaux.
        </p>
      </div>
    </div>
    <div
      class="onboarding-form mx-12"
    >
      <form>
        <div
          class="card user-info"
        >
          <h3>
            Informations Personnelles:
          </h3>
          <br />
          <div
            class="fields"
          >
            <label
              class="col-span-2"
              for="firstName"
            >
              Prénom:
              <input
                autocomplete="given-name"
                id="firstName"
                name="firstName"
                placeholder="Jean"
                required=""
                type="text"
                value=""
              />
            </label>
            <label
              class="col-span-2"
              for="lastName"
            >
              Nom:
              <input
                autocomplete="on"
                id="lastName"
                name="lastName"
                placeholder="Dupont"
                required=""
                type="text"
                value=""
              />
            </label>
            <label
              class="col-span-2"
              for="email"
            >
              Email:
              <input
                autocomplete="on"
                id="email"
                name="email"
                placeholder="jean.dupont@domaine.fr"
                required=""
                type="email"
                value=""
              />
            </label>
            <label
              for="arrival"
            >
              Date de début:
              <input
                id="arrival"
                name="arrival"
                required=""
                type="date"
                value="2020-08-20"
              />
            </label>
            <label
              for="departure"
            >
              Date de fin:
              <input
                id="departure"
                name="departure"
                required=""
                type="date"
                value="2020-08-20"
              />
            </label>
            <label
              class="col-span-4"
              for="#message"
            >
              Présentation:
              <textarea
                name="message"
                placeholder="Bonjour, je suis PO sur le produit XXX et je souhaiterais obtenir des accès à Matomo, ainsi qu'à l'organisation Github de la Fabrique Numérique."
                required=""
                rows="3"
              />
            </label>
          </div>
        </div>
        <div
          class="card services"
        >
          <h3>
            Services de la Fabrique Numérique:
          </h3>
          <p>
            Sélectionnez les services qui vous intéressent.
          </p>
          <div
            class="services-tiles"
          >
            <div
              class="service "
            >
              <div
                class="service-body"
              >
                <span
                  style="box-sizing: border-box; display: inline-block; overflow: hidden; background: none; opacity: 1; border: 0px; margin: 0px; padding: 0px; position: relative; max-width: 100%;"
                >
                  <span
                    style="box-sizing: border-box; display: block; background: none; opacity: 1; border: 0px; margin: 0px; padding: 0px; max-width: 100%;"
                  >
                    <img
                      alt=""
                      aria-hidden="true"
                      src="data:image/svg+xml,%3csvg%20xmlns=%27http://www.w3.org/2000/svg%27%20version=%271.1%27%20width=%2748%27%20height=%2748%27/%3e"
                      style="display: block; max-width: 100%; background: none; opacity: 1; border: 0px; margin: 0px; padding: 0px;"
                    />
                  </span>
                  <img
                    alt="mattermost logo"
                    class=""
                    data-nimg="intrinsic"
                    decoding="async"
                    src="data:image/gif;base64,R0lGODlhAQABAIAAAAAAAP///yH5BAEAAAAALAAAAAABAAEAAAIBRAA7"
                    style="position: absolute; top: 0px; left: 0px; bottom: 0px; right: 0px; box-sizing: border-box; padding: 0px; margin: auto; display: block; width: 0px; height: 0px; min-width: 100%; max-width: 100%; min-height: 100%; max-height: 100%;"
                    title="mattermost"
                  />
                  <noscript />
                </span>
                <div
                  class="name"
                >
                  mattermost
                </div>
              </div>
            </div>
            <div
              class="service disabled"
            >
              <div
                class="service-body"
              >
                <span
                  style="box-sizing: border-box; display: inline-block; overflow: hidden; background: none; opacity: 1; border: 0px; margin: 0px; padding: 0px; position: relative; max-width: 100%;"
                >
                  <span
                    style="box-sizing: border-box; display: block; background: none; opacity: 1; border: 0px; margin: 0px; padding: 0px; max-width: 100%;"
                  >
                    <img
                      alt=""
                      aria-hidden="true"
                      src="data:image/svg+xml,%3csvg%20xmlns=%27http://www.w3.org/2000/svg%27%20version=%271.1%27%20width=%2780.832%27%20height=%2748%27/%3e"
                      style="display: block; max-width: 100%; background: none; opacity: 1; border: 0px; margin: 0px; padding: 0px;"
                    />
                  </span>
                  <img
                    alt="ovh logo"
                    class="opacity-25 dark:opacity-40"
                    data-nimg="intrinsic"
                    decoding="async"
                    src="data:image/gif;base64,R0lGODlhAQABAIAAAAAAAP///yH5BAEAAAAALAAAAAABAAEAAAIBRAA7"
                    style="position: absolute; top: 0px; left: 0px; bottom: 0px; right: 0px; box-sizing: border-box; padding: 0px; margin: auto; display: block; width: 0px; height: 0px; min-width: 100%; max-width: 100%; min-height: 100%; max-height: 100%;"
                    title="ovh"
                  />
                  <noscript />
                </span>
                <div
                  class="name"
                >
                  ovh
                </div>
              </div>
            </div>
          </div>
          <p>
            Des comptes dédiés seront créés pour vous. Les informations de connexion vous seront envoyées par mail ultérieurement.
          </p>
        </div>
        <div
          class="card github-services"
        >
          <div
            class="services"
          >
            <h3>
              Services associés à Github:
            </h3>
            <p>
              Associez votre compte Github à
               
              <a
                href="https://github.com/socialgouv"
                rel="noreferrer"
                target="_blank"
              >
                l'organisation SocialGouv de la Fabrique Numérique
              </a>
              .
            </p>
            <label
              class="col-span-2"
              for="githubLogin"
            >
              Github login:  
              <input
                id="githubLogin"
                name="githubLogin"
                placeholder="BlackWarrior94"
                type="text"
                value=""
              />
            </label>
            <p>
              Une fois membre de l'organisation SocialGouv, les services listés ci-dessous vous seront accessibles via une authentification Github.
            </p>
            <br />
            <div
              class="services-tiles"
            >
              <div
                class="service disabled"
              >
                <div
                  class="service-body"
                >
                  <span
                    style="box-sizing: border-box; display: inline-block; overflow: hidden; background: none; opacity: 1; border: 0px; margin: 0px; padding: 0px; position: relative; max-width: 100%;"
                  >
                    <span
                      style="box-sizing: border-box; display: block; background: none; opacity: 1; border: 0px; margin: 0px; padding: 0px; max-width: 100%;"
                    >
                      <img
                        alt=""
                        aria-hidden="true"
                        src="data:image/svg+xml,%3csvg%20xmlns=%27http://www.w3.org/2000/svg%27%20version=%271.1%27%20width=%2748%27%20height=%2748%27/%3e"
                        style="display: block; max-width: 100%; background: none; opacity: 1; border: 0px; margin: 0px; padding: 0px;"
                      />
                    </span>
                    <img
                      alt="github logo"
                      class="opacity-25 dark:opacity-40"
                      data-nimg="intrinsic"
                      decoding="async"
                      src="data:image/gif;base64,R0lGODlhAQABAIAAAAAAAP///yH5BAEAAAAALAAAAAABAAEAAAIBRAA7"
                      style="position: absolute; top: 0px; left: 0px; bottom: 0px; right: 0px; box-sizing: border-box; padding: 0px; margin: auto; display: block; width: 0px; height: 0px; min-width: 100%; max-width: 100%; min-height: 100%; max-height: 100%;"
                      title="github"
                    />
                    <noscript />
                  </span>
                  <div
                    class="name"
                  >
                    github
                  </div>
                </div>
              </div>
              <div
                class="service disabled"
              >
                <div
                  class="service-body"
                >
                  <span
                    style="box-sizing: border-box; display: inline-block; overflow: hidden; background: none; opacity: 1; border: 0px; margin: 0px; padding: 0px; position: relative; max-width: 100%;"
                  >
                    <span
                      style="box-sizing: border-box; display: block; background: none; opacity: 1; border: 0px; margin: 0px; padding: 0px; max-width: 100%;"
                    >
                      <img
                        alt=""
                        aria-hidden="true"
                        src="data:image/svg+xml,%3csvg%20xmlns=%27http://www.w3.org/2000/svg%27%20version=%271.1%27%20width=%2769.792%27%20height=%2748%27/%3e"
                        style="display: block; max-width: 100%; background: none; opacity: 1; border: 0px; margin: 0px; padding: 0px;"
                      />
                    </span>
                    <img
                      alt="matomo logo"
                      class="opacity-25 dark:opacity-40"
                      data-nimg="intrinsic"
                      decoding="async"
                      src="data:image/gif;base64,R0lGODlhAQABAIAAAAAAAP///yH5BAEAAAAALAAAAAABAAEAAAIBRAA7"
                      style="position: absolute; top: 0px; left: 0px; bottom: 0px; right: 0px; box-sizing: border-box; padding: 0px; margin: auto; display: block; width: 0px; height: 0px; min-width: 100%; max-width: 100%; min-height: 100%; max-height: 100%;"
                      title="matomo"
                    />
                    <noscript />
                  </span>
                  <div
                    class="name"
                  >
                    matomo
                  </div>
                </div>
              </div>
              <div
                class="service disabled"
              >
                <div
                  class="service-body"
                >
                  <span
                    style="box-sizing: border-box; display: inline-block; overflow: hidden; background: none; opacity: 1; border: 0px; margin: 0px; padding: 0px; position: relative; max-width: 100%;"
                  >
                    <span
                      style="box-sizing: border-box; display: block; background: none; opacity: 1; border: 0px; margin: 0px; padding: 0px; max-width: 100%;"
                    >
                      <img
                        alt=""
                        aria-hidden="true"
                        src="data:image/svg+xml,%3csvg%20xmlns=%27http://www.w3.org/2000/svg%27%20version=%271.1%27%20width=%2799.072%27%20height=%2748%27/%3e"
                        style="display: block; max-width: 100%; background: none; opacity: 1; border: 0px; margin: 0px; padding: 0px;"
                      />
                    </span>
                    <img
                      alt="nextcloud logo"
                      class="opacity-25 dark:opacity-40"
                      data-nimg="intrinsic"
                      decoding="async"
                      src="data:image/gif;base64,R0lGODlhAQABAIAAAAAAAP///yH5BAEAAAAALAAAAAABAAEAAAIBRAA7"
                      style="position: absolute; top: 0px; left: 0px; bottom: 0px; right: 0px; box-sizing: border-box; padding: 0px; margin: auto; display: block; width: 0px; height: 0px; min-width: 100%; max-width: 100%; min-height: 100%; max-height: 100%;"
                      title="nextcloud"
                    />
                    <noscript />
                  </span>
                  <div
                    class="name"
                  >
                    nextcloud
                  </div>
                </div>
              </div>
              <div
                class="service disabled"
              >
                <div
                  class="service-body"
                >
                  <span
                    style="box-sizing: border-box; display: inline-block; overflow: hidden; background: none; opacity: 1; border: 0px; margin: 0px; padding: 0px; position: relative; max-width: 100%;"
                  >
                    <span
                      style="box-sizing: border-box; display: block; background: none; opacity: 1; border: 0px; margin: 0px; padding: 0px; max-width: 100%;"
                    >
                      <img
                        alt=""
                        aria-hidden="true"
                        src="data:image/svg+xml,%3csvg%20xmlns=%27http://www.w3.org/2000/svg%27%20version=%271.1%27%20width=%2754.864000000000004%27%20height=%2748%27/%3e"
                        style="display: block; max-width: 100%; background: none; opacity: 1; border: 0px; margin: 0px; padding: 0px;"
                      />
                    </span>
                    <img
                      alt="sentry logo"
                      class="opacity-25 dark:opacity-40"
                      data-nimg="intrinsic"
                      decoding="async"
                      src="data:image/gif;base64,R0lGODlhAQABAIAAAAAAAP///yH5BAEAAAAALAAAAAABAAEAAAIBRAA7"
                      style="position: absolute; top: 0px; left: 0px; bottom: 0px; right: 0px; box-sizing: border-box; padding: 0px; margin: auto; display: block; width: 0px; height: 0px; min-width: 100%; max-width: 100%; min-height: 100%; max-height: 100%;"
                      title="sentry"
                    />
                    <noscript />
                  </span>
                  <div
                    class="name"
                  >
                    sentry
                  </div>
                </div>
              </div>
              <div
                class="service disabled"
              >
                <div
                  class="service-body"
                >
                  <span
                    style="box-sizing: border-box; display: inline-block; overflow: hidden; background: none; opacity: 1; border: 0px; margin: 0px; padding: 0px; position: relative; max-width: 100%;"
                  >
                    <span
                      style="box-sizing: border-box; display: block; background: none; opacity: 1; border: 0px; margin: 0px; padding: 0px; max-width: 100%;"
                    >
                      <img
                        alt=""
                        aria-hidden="true"
                        src="data:image/svg+xml,%3csvg%20xmlns=%27http://www.w3.org/2000/svg%27%20version=%271.1%27%20width=%2755.967999999999996%27%20height=%2748%27/%3e"
                        style="display: block; max-width: 100%; background: none; opacity: 1; border: 0px; margin: 0px; padding: 0px;"
                      />
                    </span>
                    <img
                      alt="zammad logo"
                      class="opacity-25 dark:opacity-40"
                      data-nimg="intrinsic"
                      decoding="async"
                      src="data:image/gif;base64,R0lGODlhAQABAIAAAAAAAP///yH5BAEAAAAALAAAAAABAAEAAAIBRAA7"
                      style="position: absolute; top: 0px; left: 0px; bottom: 0px; right: 0px; box-sizing: border-box; padding: 0px; margin: auto; display: block; width: 0px; height: 0px; min-width: 100%; max-width: 100%; min-height: 100%; max-height: 100%;"
                      title="zammad"
                    />
                    <noscript />
                  </span>
                  <div
                    class="name"
                  >
                    zammad
                  </div>
                </div>
              </div>
            </div>
          </div>
        </div>
        <button
          class="primary"
          type="submit"
        >
          Envoyer
        </button>
      </form>
    </div>
  </main>
</div>
`;
